GNU Tool Chain  

Linker command line:

--edf=D:\Program Files (x86)\CCompiler\Compiler\data\dat\en_msgs.txt -cs \
  -h+radio.sym --cmf=radio.cmf -z -QFT60F01X \
  -oC:\Users\admin\AppData\Local\Temp\sbi4.2 -Mradio.map -E1 -ver=XC8 \
  -ASTACK=040h-06fh -pstack=STACK -ACODE=00h-03FFh -ASTRCODE=00h-03FFh \
  -ASTRING=00h-0FFhx4 -ACONST=00h-0FFhx4 -AENTRY=00h-0FFhx4 \
  -ACOMMON=070h-07Fh -ABANK0=040h-06Fh -ARAM=040h-06Fh -AABS1=040h-07Fh \
  -ASFR0=00h-03Fh -ASFR1=080h-0EFh -preset_vec=00h,intentry,init,end_init \
  -ppowerup=CODE -pcinit=CODE -pfunctab=ENTRY -ACONFIG=02007h-02007h \
  -pconfig=CONFIG -DCONFIG=2 -AIDLOC=02000h-02003h -pidloc=IDLOC -DIDLOC=2 \
  -AEEDATA=00h-0FFh/02100h -peeprom_data=EEDATA -DEEDATA=2 -DCODE=2 \
  -DSTRCODE=2 -DSTRING=2 -DCONST=2 -DENTRY=2 -k \
  C:\Users\admin\AppData\Local\Temp\sbi4.obj radio.obj 

Object code version is 3.11

Machine type is FT60F01X



                Name                               Link     Load   Length Selector   Space Scale
C:\Users\admin\AppData\Local\Temp\sbi4.obj
                end_init                              0        0        1        0       0
radio.obj       cinit                               3FE      3FE        2      7FC       0
                text6                               3AA      3AA        F      754       0
                text5                               38A      38A        9      714       0
                text4                               3D7      3D7       27      7AE       0
                text3                               3B9      3B9        F      772       0
                text2                               3C8      3C8        F      790       0
                text1                               39D      39D        D      73A       0
                maintext                            393      393        A      726       0
                cstackCOMMON                         70       70        9       70       1

TOTAL           Name                               Link     Load   Length     Space
        CLASS   STACK          

        CLASS   CODE           
                end_init                              0        0        1         0
                cinit                               3FE      3FE        2         0
                text6                               3AA      3AA        F         0
                text5                               38A      38A        9         0
                text4                               3D7      3D7       27         0
                text3                               3B9      3B9        F         0
                text2                               3C8      3C8        F         0
                text1                               39D      39D        D         0
                maintext                            393      393        A         0

        CLASS   STRCODE        

        CLASS   STRING         

        CLASS   CONST          

        CLASS   ENTRY          

        CLASS   COMMON         
                cstackCOMMON                         70       70        9         1

        CLASS   BANK0          

        CLASS   RAM            

        CLASS   ABS1           
                abs_s1                               7E       7E        2         1

        CLASS   SFR0           

        CLASS   SFR1           

        CLASS   CONFIG         

        CLASS   IDLOC          

        CLASS   EEDATA         

        CLASS   BANK1          



SEGMENTS        Name                           Load    Length   Top    Selector   Space  Class     Delta

                reset_vec                      000000  000001  000001         0       0  CODE        2
                cstackCOMMON                   000070  000009  000079        70       1  COMMON      1
                text5                          00038A  000009  000393       714       0  CODE        2
                maintext                       000393  00000A  00039D       726       0  CODE        2
                text1                          00039D  00000D  0003AA       73A       0  CODE        2
                text6                          0003AA  00000F  0003B9       754       0  CODE        2
                text3                          0003B9  00000F  0003C8       772       0  CODE        2
                text2                          0003C8  00000F  0003D7       790       0  CODE        2
                text4                          0003D7  000027  0003FE       7AE       0  CODE        2
                cinit                          0003FE  000002  000400       7FC       0  CODE        2


UNUSED ADDRESS RANGES

        Name                Unused          Largest block    Delta
        BANK0            040-06F            30           1
        CODE             001-389           389           2
        COMMON           079-07D             5           1
        CONFIG           2007-2007             1           2
        CONST            001-389           100           2
        EEDATA           2100-21FF           100           2
        ENTRY            001-389           100           2
        IDLOC            2000-2003             4           2
        RAM              040-06F            30           1
        SFR0             000-03F            40           1
        SFR1             080-0EF            70           1
        STACK            040-06F            30           1
        STRCODE          001-389           389           2
        STRING           001-389           100           2

                                  Symbol Table

DelayUs@Time             cstackCOMMON 070
DelayUs@a                cstackCOMMON 071
IIC_Send_Byte@t          cstackCOMMON 074
IIC_Send_Byte@txd        cstackCOMMON 073
_DelayUs                 text5        38A
_IIC_Send_Byte           text4        3D7
_IIC_Start               text3        3B9
_IIC_Stop                text2        3C8
_INTCON                  (abs)        00B
_MSCKCON                 (abs)        01B
_OPTION                  (abs)        081
_OSCCON                  (abs)        08F
_PA4                     (abs)        02C
_PA5                     (abs)        02D
_PORTA                   (abs)        005
_POWER_INITIAL           text6        3AA
_TRISA                   (abs)        085
_TRISA2                  (abs)        42A
_WPUA                    (abs)        095
__Habs1                  abs1         000
__Hbank0                 bank0        000
__Hbank1                 bank1        000
__Hcinit                 cinit        400
__Hclrtext               clrtext      000
__Hcode                  code         000
__Hcommon                common       000
__Hconfig                config       000
__HcstackCOMMON          cstackCOMMON 000
__Heeprom_data           eeprom_data  000
__Hend_init              end_init     001
__Hfunctab               functab      000
__Hidloc                 idloc        000
__Hinit                  init         000
__Hintentry              intentry     000
__Hmaintext              maintext     000
__Hpa_nodes0             pa_nodes0    000
__Hpowerup               powerup      000
__Hram                   ram          000
__Hreset_vec             reset_vec    000
__Hsfr0                  sfr0         000
__Hsfr1                  sfr1         000
__Hspace_0               (abs)        400
__Hspace_1               (abs)        079
__Hspace_2               (abs)        000
__Hspace_3               (abs)        000
__Hstack                 stack        000
__Hstrings               strings      000
__Htext                  text         000
__Labs1                  abs1         000
__Lbank0                 bank0        000
__Lbank1                 bank1        000
__Lcinit                 cinit        3FE
__Lclrtext               clrtext      000
__Lcode                  code         000
__Lcommon                common       000
__Lconfig                config       000
__LcstackCOMMON          cstackCOMMON 000
__Leeprom_data           eeprom_data  000
__Lend_init              end_init     000
__Lfunctab               functab      000
__Lidloc                 idloc        000
__Linit                  init         000
__Lintentry              intentry     000
__Lmaintext              maintext     000
__Lpa_nodes0             pa_nodes0    000
__Lpowerup               powerup      000
__Lram                   ram          000
__Lreset_vec             reset_vec    000
__Lsfr0                  sfr0         000
__Lsfr1                  sfr1         000
__Lspace_0               (abs)        000
__Lspace_1               (abs)        000
__Lspace_2               (abs)        000
__Lspace_3               (abs)        000
__Lstack                 stack        000
__Lstrings               strings      000
__Ltext                  text         000
__S0                     (abs)        400
__S1                     (abs)        079
__S2                     (abs)        000
__S3                     (abs)        000
___int_sp                stack        000
___latbits               (abs)        000
___sp                    stack        000
__end_of_DelayUs         text5        393
__end_of_IIC_Send_Byte   text4        3FE
__end_of_IIC_Start       text3        3C8
__end_of_IIC_Stop        text2        3D7
__end_of_POWER_INITIAL   text6        3B9
__end_of__initialization cinit        3FE
__end_of_main            maintext     39D
__end_of_writing         text1        3AA
__initialization         cinit        3FE
__pcstackCOMMON          cstackCOMMON 070
__pmaintext              maintext     393
__ptext0                 text0        000
__ptext1                 text1        39D
__ptext2                 text2        3C8
__ptext3                 text3        3B9
__ptext4                 text4        3D7
__ptext5                 text5        38A
__ptext6                 text6        3AA
__size_of_DelayUs        (abs)        000
__size_of_IIC_Send_Byte  (abs)        000
__size_of_IIC_Start      (abs)        000
__size_of_IIC_Stop       (abs)        000
__size_of_POWER_INITIAL  (abs)        000
__size_of_main           (abs)        000
__size_of_writing        (abs)        000
_main                    maintext     393
_writing                 text1        39D
btemp                    (abs)        07E
end_of_initialization    cinit        3FE
intlevel0                functab      000
intlevel1                functab      000
intlevel2                functab      000
intlevel3                functab      000
intlevel4                functab      000
intlevel5                functab      000
reset_vec                reset_vec    000
stackhi                  (abs)        000
stacklo                  (abs)        000
start                    init         000
start_initialization     cinit        3FE
writing@ICaddforwrite    cstackCOMMON 078
writing@hadd             cstackCOMMON 075
writing@hdata            cstackCOMMON 076
writing@ldata            cstackCOMMON 077
wtemp0                   (abs)        07E


FUNCTION INFORMATION:

 *************** function _main *****************
 Defined at:
		line 231 in file "Radio.C"
 Parameters:    Size  Location     Type
		None
 Auto vars:     Size  Location     Type
		None
 Return value:  Size  Location     Type
                  1    wreg      void 
 Registers used:
		wreg, status,2, status,0, pclath, cstack
 Tracked objects:
		On entry : 
		On exit  : 
		Unchanged: 
 Data sizes:     COMMON   BANK0
      Params:         0       0
      Locals:         0       0
      Temps:          0       0
      Totals:         0       0
Total ram usage:        0 bytes
 Hardware stack levels required when called:    3
 This function calls:
		_POWER_INITIAL
		_writing
 This function is called by:
		Startup code after reset
 This function uses a non-reentrant model


 *************** function _writing *****************
 Defined at:
		line 220 in file "Radio.C"
 Parameters:    Size  Location     Type
  ICaddforwrit    1    wreg     unsigned char 
  hadd            1    5[COMMON] unsigned char 
  hdata           1    6[COMMON] unsigned char 
  ldata           1    7[COMMON] unsigned char 
 Auto vars:     Size  Location     Type
  ICaddforwrit    1    8[COMMON] unsigned char 
 Return value:  Size  Location     Type
                  1    wreg      void 
 Registers used:
		wreg, status,2, status,0, pclath, cstack
 Tracked objects:
		On entry : 
		On exit  : 
		Unchanged: 
 Data sizes:     COMMON   BANK0
      Params:         3       0
      Locals:         1       0
      Temps:          0       0
      Totals:         4       0
Total ram usage:        4 bytes
 Hardware stack levels used:    1
 Hardware stack levels required when called:    2
 This function calls:
		_DelayUs
		_IIC_Send_Byte
		_IIC_Start
		_IIC_Stop
 This function is called by:
		_main
 This function uses a non-reentrant model


 *************** function _IIC_Stop *****************
 Defined at:
		line 144 in file "Radio.C"
 Parameters:    Size  Location     Type
		None
 Auto vars:     Size  Location     Type
		None
 Return value:  Size  Location     Type
                  1    wreg      void 
 Registers used:
		wreg, status,2, status,0, pclath, cstack
 Tracked objects:
		On entry : 
		On exit  : 
		Unchanged: 
 Data sizes:     COMMON   BANK0
      Params:         0       0
      Locals:         0       0
      Temps:          0       0
      Totals:         0       0
Total ram usage:        0 bytes
 Hardware stack levels used:    1
 Hardware stack levels required when called:    1
 This function calls:
		_DelayUs
 This function is called by:
		_writing
 This function uses a non-reentrant model


 *************** function _IIC_Start *****************
 Defined at:
		line 127 in file "Radio.C"
 Parameters:    Size  Location     Type
		None
 Auto vars:     Size  Location     Type
		None
 Return value:  Size  Location     Type
                  1    wreg      void 
 Registers used:
		wreg, status,2, status,0, pclath, cstack
 Tracked objects:
		On entry : 
		On exit  : 
		Unchanged: 
 Data sizes:     COMMON   BANK0
      Params:         0       0
      Locals:         0       0
      Temps:          0       0
      Totals:         0       0
Total ram usage:        0 bytes
 Hardware stack levels used:    1
 Hardware stack levels required when called:    1
 This function calls:
		_DelayUs
 This function is called by:
		_writing
 This function uses a non-reentrant model


 *************** function _IIC_Send_Byte *****************
 Defined at:
		line 177 in file "Radio.C"
 Parameters:    Size  Location     Type
  txd             1    wreg     unsigned char 
 Auto vars:     Size  Location     Type
  txd             1    3[COMMON] unsigned char 
  t               1    4[COMMON] unsigned char 
 Return value:  Size  Location     Type
                  1    wreg      void 
 Registers used:
		wreg, status,2, status,0, pclath, cstack
 Tracked objects:
		On entry : 
		On exit  : 
		Unchanged: 
 Data sizes:     COMMON   BANK0
      Params:         0       0
      Locals:         2       0
      Temps:          1       0
      Totals:         3       0
Total ram usage:        3 bytes
 Hardware stack levels used:    1
 Hardware stack levels required when called:    1
 This function calls:
		_DelayUs
 This function is called by:
		_writing
 This function uses a non-reentrant model


 *************** function _DelayUs *****************
 Defined at:
		line 96 in file "Radio.C"
 Parameters:    Size  Location     Type
  Time            1    wreg     unsigned char 
 Auto vars:     Size  Location     Type
  Time            1    0[COMMON] unsigned char 
  a               1    1[COMMON] unsigned char 
 Return value:  Size  Location     Type
                  1    wreg      void 
 Registers used:
		wreg, status,2, status,0
 Tracked objects:
		On entry : 
		On exit  : 
		Unchanged: 
 Data sizes:     COMMON   BANK0
      Params:         0       0
      Locals:         2       0
      Temps:          0       0
      Totals:         2       0
Total ram usage:        2 bytes
 Hardware stack levels used:    1
 This function calls:
		Nothing
 This function is called by:
		_IIC_Start
		_IIC_Stop
		_IIC_Send_Byte
		_writing
 This function uses a non-reentrant model


 *************** function _POWER_INITIAL *****************
 Defined at:
		line 76 in file "Radio.C"
 Parameters:    Size  Location     Type
		None
 Auto vars:     Size  Location     Type
		None
 Return value:  Size  Location     Type
                  1    wreg      void 
 Registers used:
		wreg, status,2
 Tracked objects:
		On entry : 
		On exit  : 
		Unchanged: 
 Data sizes:     COMMON   BANK0
      Params:         0       0
      Locals:         0       0
      Temps:          0       0
      Totals:         0       0
Total ram usage:        0 bytes
 Hardware stack levels used:    1
 This function calls:
		Nothing
 This function is called by:
		_main
 This function uses a non-reentrant model



MODULE INFORMATION

Module		Function		Class		Link	Load	Size
shared
		__initialization		CODE           	03FE	0000	1

shared estimated size: 1

Radio.C
		_IIC_Stop      		CODE           	03C8	0000	16
		_writing       		CODE           	039D	0000	14
		_DelayUs       		CODE           	038A	0000	10
		_main          		CODE           	0393	0000	11
		_IIC_Send_Byte 		CODE           	03D7	0000	40
		_IIC_Start     		CODE           	03B9	0000	16
		_POWER_INITIAL 		CODE           	03AA	0000	16

Radio.C estimated size: 123

