GNU Tool Chain  

Linker command line:

--edf=D:\Program Files (x86)\CCompiler\Compiler\data\dat\en_msgs.txt -cs \
  -h+radio.sym --cmf=radio.cmf -z -QFT60F01X \
  -oC:\Users\admin\AppData\Local\Temp\s594.2 -Mradio.map -E1 -ver=XC8 \
  -ASTACK=040h-06fh -pstack=STACK -ACODE=00h-03FFh -ASTRCODE=00h-03FFh \
  -ASTRING=00h-0FFhx4 -ACONST=00h-0FFhx4 -AENTRY=00h-0FFhx4 \
  -ACOMMON=070h-07Fh -ABANK0=040h-06Fh -ARAM=040h-06Fh -AABS1=040h-07Fh \
  -ASFR0=00h-03Fh -ASFR1=080h-0EFh -preset_vec=00h,intentry,init,end_init \
  -ppowerup=CODE -pcinit=CODE -pfunctab=ENTRY -ACONFIG=02007h-02007h \
  -pconfig=CONFIG -DCONFIG=2 -AIDLOC=02000h-02003h -pidloc=IDLOC -DIDLOC=2 \
  -AEEDATA=00h-0FFh/02100h -peeprom_data=EEDATA -DEEDATA=2 -DCODE=2 \
  -DSTRCODE=2 -DSTRING=2 -DCONST=2 -DENTRY=2 -k \
  C:\Users\admin\AppData\Local\Temp\s594.obj radio.obj 

Object code version is 3.11

Machine type is FT60F01X



                Name                               Link     Load   Length Selector   Space Scale
C:\Users\admin\AppData\Local\Temp\s594.obj
                end_init                              0        0        1        0       0
radio.obj       cinit                               3FD      3FD        3      7FA       0
                text9                               2F9      2F9        9      5F2       0
                text8                               33C      33C       10      678       0
                text7                               30F      30F        F      61E       0
                text6                               372      372       27      6E4       0
                text5                               31E      31E        F      63C       0
                text4                               32D      32D        F      65A       0
                text3                               302      302        D      604       0
                text2                               3C7      3C7       36      78E       0
                text1                               399      399       2E      732       0
                maintext                            34C      34C       26      698       0
                cstackCOMMON                         70       70        A       70       1
                bssCOMMON                            7A       7A        1       70       1
                strings                               1        1       5E        2       0

TOTAL           Name                               Link     Load   Length     Space
        CLASS   STACK          

        CLASS   CODE           
                end_init                              0        0        1         0
                cinit                               3FD      3FD        3         0
                text9                               2F9      2F9        9         0
                text8                               33C      33C       10         0
                text7                               30F      30F        F         0
                text6                               372      372       27         0
                text5                               31E      31E        F         0
                text4                               32D      32D        F         0
                text3                               302      302        D         0
                text2                               3C7      3C7       36         0
                text1                               399      399       2E         0
                maintext                            34C      34C       26         0

        CLASS   STRCODE        

        CLASS   STRING         
                strings                               1        1       5E         0

        CLASS   CONST          

        CLASS   ENTRY          

        CLASS   COMMON         
                cstackCOMMON                         70       70        A         1
                bssCOMMON                            7A       7A        1         1

        CLASS   BANK0          

        CLASS   RAM            

        CLASS   ABS1           
                abs_s1                               7E       7E        2         1

        CLASS   SFR0           

        CLASS   SFR1           

        CLASS   CONFIG         

        CLASS   IDLOC          

        CLASS   EEDATA         

        CLASS   BANK1          



SEGMENTS        Name                           Load    Length   Top    Selector   Space  Class     Delta

                reset_vec                      000000  000001  000001         0       0  CODE        2
                strings                        000001  00005E  00005F         2       0  STRING      2
                cstackCOMMON                   000070  00000B  00007B        70       1  COMMON      1
                text9                          0002F9  000009  000302       5F2       0  CODE        2
                text3                          000302  00000D  00030F       604       0  CODE        2
                text7                          00030F  00000F  00031E       61E       0  CODE        2
                text5                          00031E  00000F  00032D       63C       0  CODE        2
                text4                          00032D  00000F  00033C       65A       0  CODE        2
                text8                          00033C  000010  00034C       678       0  CODE        2
                maintext                       00034C  000026  000372       698       0  CODE        2
                text6                          000372  000027  000399       6E4       0  CODE        2
                text1                          000399  00002E  0003C7       732       0  CODE        2
                text2                          0003C7  000036  0003FD       78E       0  CODE        2
                cinit                          0003FD  000003  000400       7FA       0  CODE        2


UNUSED ADDRESS RANGES

        Name                Unused          Largest block    Delta
        BANK0            040-06F            30           1
        CODE             05F-2F8           29A           2
        COMMON           07B-07D             3           1
        CONFIG           2007-2007             1           2
        CONST            05F-2F8           100           2
        EEDATA           2100-21FF           100           2
        ENTRY            05F-2F8           100           2
        IDLOC            2000-2003             4           2
        RAM              040-06F            30           1
        SFR0             000-03F            40           1
        SFR1             080-0EF            70           1
        STACK            040-06F            30           1
        STRCODE          05F-2F8           29A           2
        STRING           05F-2F8           100           2

                                  Symbol Table

DelayMs@Time                   cstackCOMMON 072
DelayMs@a                      cstackCOMMON 073
DelayMs@b                      cstackCOMMON 074
DelayUs@Time                   cstackCOMMON 070
DelayUs@a                      cstackCOMMON 071
IIC_Send_Byte@t                cstackCOMMON 074
IIC_Send_Byte@txd              cstackCOMMON 073
PL2                            text1        3BD
PL4                            text2        3F3
PL6                            text1        3C2
PL8                            text2        3F8
Set_BK4802_Rx_config@i         cstackCOMMON 079
Set_BK4802_Tx_config@i         cstackCOMMON 079
_DelayMs                       text8        33C
_DelayUs                       text9        2F9
_IIC_Send_Byte                 text6        372
_IIC_Start                     text5        31E
_IIC_Stop                      text4        32D
_INTCON                        (abs)        00B
_MSCKCON                       (abs)        01B
_OPTION                        (abs)        081
_OSCCON                        (abs)        08F
_PA2                           (abs)        02A
_PA4                           (abs)        02C
_PA5                           (abs)        02D
_PORTA                         (abs)        005
_POWER_INITIAL                 text7        30F
_Set_BK4802_Rx_config          text2        3C7
_Set_BK4802_Tx_config          text1        399
_TRISA                         (abs)        085
_TRISA2                        (abs)        42A
_WPUA                          (abs)        095
__Habs1                        abs1         000
__Hbank0                       bank0        000
__Hbank1                       bank1        000
__HbssCOMMON                   bssCOMMON    000
__Hcinit                       cinit        400
__Hclrtext                     clrtext      000
__Hcode                        code         000
__Hcommon                      common       000
__Hconfig                      config       000
__HcstackCOMMON                cstackCOMMON 000
__Heeprom_data                 eeprom_data  000
__Hend_init                    end_init     001
__Hfunctab                     functab      000
__Hidloc                       idloc        000
__Hinit                        init         000
__Hintentry                    intentry     000
__Hmaintext                    maintext     000
__Hpa_nodes0                   pa_nodes0    000
__Hpowerup                     powerup      000
__Hram                         ram          000
__Hreset_vec                   reset_vec    000
__Hsfr0                        sfr0         000
__Hsfr1                        sfr1         000
__Hspace_0                     (abs)        400
__Hspace_1                     (abs)        07B
__Hspace_2                     (abs)        000
__Hspace_3                     (abs)        000
__Hstack                       stack        000
__Hstrings                     strings      000
__Htext                        text         000
__Labs1                        abs1         000
__Lbank0                       bank0        000
__Lbank1                       bank1        000
__LbssCOMMON                   bssCOMMON    000
__Lcinit                       cinit        3FD
__Lclrtext                     clrtext      000
__Lcode                        code         000
__Lcommon                      common       000
__Lconfig                      config       000
__LcstackCOMMON                cstackCOMMON 000
__Leeprom_data                 eeprom_data  000
__Lend_init                    end_init     000
__Lfunctab                     functab      000
__Lidloc                       idloc        000
__Linit                        init         000
__Lintentry                    intentry     000
__Lmaintext                    maintext     000
__Lpa_nodes0                   pa_nodes0    000
__Lpowerup                     powerup      000
__Lram                         ram          000
__Lreset_vec                   reset_vec    000
__Lsfr0                        sfr0         000
__Lsfr1                        sfr1         000
__Lspace_0                     (abs)        000
__Lspace_1                     (abs)        000
__Lspace_2                     (abs)        000
__Lspace_3                     (abs)        000
__Lstack                       stack        000
__Lstrings                     strings      000
__Ltext                        text         000
__S0                           (abs)        400
__S1                           (abs)        07B
__S2                           (abs)        000
__S3                           (abs)        000
___int_sp                      stack        000
___latbits                     (abs)        000
___sp                          stack        000
__end_ofPL2                    text1        3C2
__end_ofPL4                    text2        3F8
__end_ofPL6                    text1        3C7
__end_ofPL8                    text2        3FD
__end_of_DelayMs               text8        34C
__end_of_DelayUs               text9        302
__end_of_IIC_Send_Byte         text6        399
__end_of_IIC_Start             text5        32D
__end_of_IIC_Stop              text4        33C
__end_of_POWER_INITIAL         text7        31E
__end_of_Set_BK4802_Rx_config  text2        3F3
__end_of_Set_BK4802_Tx_config  text1        3BD
__end_of__initialization       cinit        3FE
__end_of__stringtab            strings      007
__end_of_main                  maintext     372
__end_of_rxfreq                strings      05F
__end_of_rxreg                 strings      053
__end_of_txfreq                strings      059
__end_of_txreg                 strings      02D
__end_of_writing               text3        30F
__initialization               cinit        3FD
__pbssCOMMON                   bssCOMMON    07A
__pcstackCOMMON                cstackCOMMON 070
__pmaintext                    maintext     34C
__pstrings                     strings      001
__ptext1                       text1        399
__ptext2                       text2        3C7
__ptext3                       text3        302
__ptext4                       text4        32D
__ptext5                       text5        31E
__ptext6                       text6        372
__ptext7                       text7        30F
__ptext8                       text8        33C
__ptext9                       text9        2F9
__size_of_DelayMs              (abs)        000
__size_of_DelayUs              (abs)        000
__size_of_IIC_Send_Byte        (abs)        000
__size_of_IIC_Start            (abs)        000
__size_of_IIC_Stop             (abs)        000
__size_of_POWER_INITIAL        (abs)        000
__size_of_Set_BK4802_Rx_config (abs)        000
__size_of_Set_BK4802_Tx_config (abs)        000
__size_of_main                 (abs)        000
__size_of_writing              (abs)        000
__stringbase                   strings      006
__stringtab                    strings      001
_main                          maintext     34C
_rxfreq                        strings      059
_rxreg                         strings      02D
_txfreq                        strings      053
_txreg                         strings      007
_writing                       text3        302
btemp                          (abs)        07E
end_of_initialization          cinit        3FE
intlevel0                      functab      000
intlevel1                      functab      000
intlevel2                      functab      000
intlevel3                      functab      000
intlevel4                      functab      000
intlevel5                      functab      000
main@key_state                 bssCOMMON    07A
reset_vec                      reset_vec    000
stackhi                        (abs)        000
stacklo                        (abs)        000
start                          init         000
start_initialization           cinit        3FD
writing@ICaddforwrite          cstackCOMMON 078
writing@hadd                   cstackCOMMON 075
writing@hdata                  cstackCOMMON 076
writing@ldata                  cstackCOMMON 077
wtemp0                         (abs)        07E


FUNCTION INFORMATION:

 *************** function _main *****************
 Defined at:
		line 25 in file "Radio.C"
 Parameters:    Size  Location     Type
		None
 Auto vars:     Size  Location     Type
  i               1    0        unsigned char 
 Return value:  Size  Location     Type
                  1    wreg      void 
 Registers used:
		wreg, fsr0l, fsr0h, status,2, status,0, pclath, cstack
 Tracked objects:
		On entry : 
		On exit  : 
		Unchanged: 
 Data sizes:     COMMON   BANK0
      Params:         0       0
      Locals:         0       0
      Temps:          0       0
      Totals:         0       0
Total ram usage:        0 bytes
 Hardware stack levels required when called:    4
 This function calls:
		_DelayMs
		_POWER_INITIAL
		_Set_BK4802_Rx_config
		_Set_BK4802_Tx_config
 This function is called by:
		Startup code after reset
 This function uses a non-reentrant model


 *************** function _Set_BK4802_Tx_config *****************
 Defined at:
		line 57 in file "Radio.C"
 Parameters:    Size  Location     Type
		None
 Auto vars:     Size  Location     Type
  i               1    9[COMMON] unsigned char 
 Return value:  Size  Location     Type
                  1    wreg      void 
 Registers used:
		wreg, fsr0l, fsr0h, status,2, status,0, pclath, cstack
 Tracked objects:
		On entry : 
		On exit  : 
		Unchanged: 
 Data sizes:     COMMON   BANK0
      Params:         0       0
      Locals:         1       0
      Temps:          0       0
      Totals:         1       0
Total ram usage:        1 bytes
 Hardware stack levels used:    1
 Hardware stack levels required when called:    3
 This function calls:
		_writing
 This function is called by:
		_main
 This function uses a non-reentrant model


 *************** function _Set_BK4802_Rx_config *****************
 Defined at:
		line 70 in file "Radio.C"
 Parameters:    Size  Location     Type
		None
 Auto vars:     Size  Location     Type
  i               1    9[COMMON] unsigned char 
 Return value:  Size  Location     Type
                  1    wreg      void 
 Registers used:
		wreg, fsr0l, fsr0h, status,2, status,0, pclath, cstack
 Tracked objects:
		On entry : 
		On exit  : 
		Unchanged: 
 Data sizes:     COMMON   BANK0
      Params:         0       0
      Locals:         1       0
      Temps:          0       0
      Totals:         1       0
Total ram usage:        1 bytes
 Hardware stack levels used:    1
 Hardware stack levels required when called:    3
 This function calls:
		_writing
 This function is called by:
		_main
 This function uses a non-reentrant model


 *************** function _writing *****************
 Defined at:
		line 164 in file "BK4802_IIC.h"
 Parameters:    Size  Location     Type
  ICaddforwrit    1    wreg     unsigned char 
  hadd            1    5[COMMON] unsigned char 
  hdata           1    6[COMMON] unsigned char 
  ldata           1    7[COMMON] unsigned char 
 Auto vars:     Size  Location     Type
  ICaddforwrit    1    8[COMMON] unsigned char 
 Return value:  Size  Location     Type
                  1    wreg      void 
 Registers used:
		wreg, status,2, status,0, pclath, cstack
 Tracked objects:
		On entry : 
		On exit  : 
		Unchanged: 
 Data sizes:     COMMON   BANK0
      Params:         3       0
      Locals:         1       0
      Temps:          0       0
      Totals:         4       0
Total ram usage:        4 bytes
 Hardware stack levels used:    1
 Hardware stack levels required when called:    2
 This function calls:
		_DelayUs
		_IIC_Send_Byte
		_IIC_Start
		_IIC_Stop
 This function is called by:
		_Set_BK4802_Tx_config
		_Set_BK4802_Rx_config
 This function uses a non-reentrant model


 *************** function _IIC_Stop *****************
 Defined at:
		line 88 in file "BK4802_IIC.h"
 Parameters:    Size  Location     Type
		None
 Auto vars:     Size  Location     Type
		None
 Return value:  Size  Location     Type
                  1    wreg      void 
 Registers used:
		wreg, status,2, status,0, pclath, cstack
 Tracked objects:
		On entry : 
		On exit  : 
		Unchanged: 
 Data sizes:     COMMON   BANK0
      Params:         0       0
      Locals:         0       0
      Temps:          0       0
      Totals:         0       0
Total ram usage:        0 bytes
 Hardware stack levels used:    1
 Hardware stack levels required when called:    1
 This function calls:
		_DelayUs
 This function is called by:
		_writing
 This function uses a non-reentrant model


 *************** function _IIC_Start *****************
 Defined at:
		line 71 in file "BK4802_IIC.h"
 Parameters:    Size  Location     Type
		None
 Auto vars:     Size  Location     Type
		None
 Return value:  Size  Location     Type
                  1    wreg      void 
 Registers used:
		wreg, status,2, status,0, pclath, cstack
 Tracked objects:
		On entry : 
		On exit  : 
		Unchanged: 
 Data sizes:     COMMON   BANK0
      Params:         0       0
      Locals:         0       0
      Temps:          0       0
      Totals:         0       0
Total ram usage:        0 bytes
 Hardware stack levels used:    1
 Hardware stack levels required when called:    1
 This function calls:
		_DelayUs
 This function is called by:
		_writing
 This function uses a non-reentrant model


 *************** function _IIC_Send_Byte *****************
 Defined at:
		line 121 in file "BK4802_IIC.h"
 Parameters:    Size  Location     Type
  txd             1    wreg     unsigned char 
 Auto vars:     Size  Location     Type
  txd             1    3[COMMON] unsigned char 
  t               1    4[COMMON] unsigned char 
 Return value:  Size  Location     Type
                  1    wreg      void 
 Registers used:
		wreg, status,2, status,0, pclath, cstack
 Tracked objects:
		On entry : 
		On exit  : 
		Unchanged: 
 Data sizes:     COMMON   BANK0
      Params:         0       0
      Locals:         2       0
      Temps:          1       0
      Totals:         3       0
Total ram usage:        3 bytes
 Hardware stack levels used:    1
 Hardware stack levels required when called:    1
 This function calls:
		_DelayUs
 This function is called by:
		_writing
 This function uses a non-reentrant model


 *************** function _POWER_INITIAL *****************
 Defined at:
		line 20 in file "BK4802_IIC.h"
 Parameters:    Size  Location     Type
		None
 Auto vars:     Size  Location     Type
		None
 Return value:  Size  Location     Type
                  1    wreg      void 
 Registers used:
		wreg, status,2
 Tracked objects:
		On entry : 
		On exit  : 
		Unchanged: 
 Data sizes:     COMMON   BANK0
      Params:         0       0
      Locals:         0       0
      Temps:          0       0
      Totals:         0       0
Total ram usage:        0 bytes
 Hardware stack levels used:    1
 This function calls:
		Nothing
 This function is called by:
		_main
 This function uses a non-reentrant model


 *************** function _DelayMs *****************
 Defined at:
		line 54 in file "BK4802_IIC.h"
 Parameters:    Size  Location     Type
  Time            1    wreg     unsigned char 
 Auto vars:     Size  Location     Type
  Time            1    2[COMMON] unsigned char 
  b               1    4[COMMON] unsigned char 
  a               1    3[COMMON] unsigned char 
 Return value:  Size  Location     Type
                  1    wreg      void 
 Registers used:
		wreg, status,2, status,0, pclath, cstack
 Tracked objects:
		On entry : 
		On exit  : 
		Unchanged: 
 Data sizes:     COMMON   BANK0
      Params:         0       0
      Locals:         3       0
      Temps:          0       0
      Totals:         3       0
Total ram usage:        3 bytes
 Hardware stack levels used:    1
 Hardware stack levels required when called:    1
 This function calls:
		_DelayUs
 This function is called by:
		_main
 This function uses a non-reentrant model


 *************** function _DelayUs *****************
 Defined at:
		line 40 in file "BK4802_IIC.h"
 Parameters:    Size  Location     Type
  Time            1    wreg     unsigned char 
 Auto vars:     Size  Location     Type
  Time            1    0[COMMON] unsigned char 
  a               1    1[COMMON] unsigned char 
 Return value:  Size  Location     Type
                  1    wreg      void 
 Registers used:
		wreg, status,2, status,0
 Tracked objects:
		On entry : 
		On exit  : 
		Unchanged: 
 Data sizes:     COMMON   BANK0
      Params:         0       0
      Locals:         2       0
      Temps:          0       0
      Totals:         2       0
Total ram usage:        2 bytes
 Hardware stack levels used:    1
 This function calls:
		Nothing
 This function is called by:
		_DelayMs
		_IIC_Start
		_IIC_Stop
		_IIC_Send_Byte
		_writing
 This function uses a non-reentrant model



MODULE INFORMATION

Module		Function		Class		Link	Load	Size
shared
		PL8            		CODE           	03F8	0000	6
		__stringtab    		STRING         	0001	0000	7
		_rxreg         		STRING         	002D	0000	39
		_txreg         		STRING         	0007	0000	39
		_rxfreq        		STRING         	0059	0000	7
		_txfreq        		STRING         	0053	0000	7
		__initialization		CODE           	03FD	0000	2
		PL2            		CODE           	03BD	0000	6
		PL4            		CODE           	03F3	0000	6
		PL6            		CODE           	03C2	0000	6

shared estimated size: 125

BK4802_IIC.h
		_IIC_Stop      		CODE           	032D	0000	16
		_writing       		CODE           	0302	0000	14
		_DelayUs       		CODE           	02F9	0000	10
		_IIC_Send_Byte 		CODE           	0372	0000	40
		_DelayMs       		CODE           	033C	0000	17
		_IIC_Start     		CODE           	031E	0000	16
		_POWER_INITIAL 		CODE           	030F	0000	16

BK4802_IIC.h estimated size: 129

Radio.C
		_Set_BK4802_Rx_config		CODE           	03C7	0000	45
		_Set_BK4802_Tx_config		CODE           	0399	0000	37
		_main          		CODE           	034C	0000	39

Radio.C estimated size: 121

